2026-07-29T00:11:26Z  ame@0.1.0  full  PASS  S1=12 S2=34 S3=0 S4=7 S5=8 H1=47
2026-07-29T00:11:26Z  ame@0.1.0  full  PASS  S1=12 S2=34 S3=0 S4=7 S5=8 H1=47
2026-07-29T00:11:38Z  ame@0.1.0  full  FAIL  S1=12 S2=34 S3=0 S4=7 S5=8 H1=47
2026-07-29T00:11:38Z  ame@0.1.0  full  FAIL  S1=12 S2=34 S3=0 S4=7 S5=8 H1=47
2026-07-29T00:11:47Z  ame@0.1.0  full  PASS  S1=12 S2=34 S3=0 S4=7 S5=8 H1=47
2026-07-29T00:13:48Z  ame@0.1.0  full  PASS  S1=12 S2=34 S3=0 S4=7 S5=8 U1=0 H1=42
2026-07-29T00:13:48Z  ame@0.1.0  full  FAIL  S1=12 S2=34 S3=0 S4=7 S5=8 U1=0 H1=42
2026-07-29T00:14:27Z  ame@0.1.0  full  FAIL  S1=12 S2=34 S3=0 S4=7 S5=8 U1=0 H1=42
2026-07-29T00:15:40Z  ame@0.1.0  full  FAIL  S1=12 S2=34 S3=0 S4=6 S5=8 U1=0 H1=35
2026-07-29T00:15:59Z  ame@0.1.0  full  PASS  S1=12 S2=34 S3=0 S4=6 S5=8 U1=0 H1=35
2026-07-29T00:15:59Z  ame@0.1.0  full  PASS  S1=12 S2=34 S3=0 S4=6 S5=8 U1=0 H1=35
2026-07-29T00:20:26Z  ame@0.1.0  full  PASS  S1=12 S2=34 S3=0 S4=6 S5=8 U1=0 H1=35
2026-07-29T00:21:45Z  ame@0.1.0  full  PASS  S1=12 S2=34 S3=0 S4=6 S5=8 U1=0 H1=35
2026-07-29T00:22:29Z  ame@0.1.0  full  PASS  S1=12 S2=34 S3=0 S4=6 S5=8 U1=0 H1=35
2026-07-29T00:23:02Z  ame@0.1.0  full  PASS  S1=12 S2=34 S3=0 S4=6 S5=8 U1=0 H1=35
2026-07-29T00:23:03Z  ame@0.1.0  full  PASS  S1=12 S2=34 S3=0 S4=6 S5=8 U1=0 H1=35
2026-07-29T00:27:10Z  ame@0.1.0  full  PASS  S1=12 S2=34 S3=0 S4=6 S5=8 U1=0 H1=35
2026-07-29T00:27:20Z  ame@0.1.0  shipped  FAIL  S1=12 S2=34 S3=0 S4=6 S5=8 U1=0 H1=35
2026-07-29T00:27:31Z  ame@0.1.0  full  PASS  S1=12 S2=34 S3=0 S4=6 S5=8 U1=0 H1=35
2026-07-29T00:27:41Z  ame@0.1.0  shipped  FAIL  S1=12 S2=34 S3=0 S4=6 S5=8 U1=0 H1=35
2026-07-29T00:29:01Z  ame@0.1.0  full  PASS  S1=12 S2=34 S3=0 S4=6 S5=8 U1=0 H1=35
2026-07-29T01:18:06Z  ame@0.1.0  full  PASS  S1=12 S2=34 S3=0 S4=6 S5=8 U1=0 H1=32
2026-07-29T01:19:00Z  ame@0.1.0  full  FAIL  D2=24 S1=12 S2=34 S3=0 S4=6 S5=8 U1=0 H1=32
2026-07-29T01:19:14Z  ame@0.1.0  full  FAIL  D2=24 S1=12 S2=34 S3=0 S4=6 S5=8 U1=0 H1=32
2026-07-29T01:19:32Z  ame@0.1.0  full  PASS  D2=24 S1=12 S2=34 S3=0 S4=6 S5=8 U1=0 H1=32
2026-07-29T01:19:32Z  ame@0.1.0  full  PASS  D2=24 S1=12 S2=34 S3=0 S4=6 S5=8 U1=0 H1=32
2026-07-29T01:23:14Z  ame@0.1.0  full  PASS  D2=24 S1=12 S2=34 S3=0 S4=6 S5=8 U1=0 H1=32
2026-07-29T01:23:20Z  ame@0.1.0  full  PASS  D2=24 S1=12 S2=34 S3=0 S4=6 S5=8 U1=0 H1=32
2026-07-29T01:25:18Z  ame@0.1.0  full  PASS  D2=24 S1=12 S2=34 S3=0 S4=6 S5=8 U1=0 H1=32
2026-07-29T01:25:49Z  ame@0.1.0  full  PASS  D2=24 S1=12 S2=34 S3=0 S4=6 S5=8 U1=0 H1=32
2026-07-29T01:52:25Z  ame@0.1.0  full  PASS  D2=24 S1=12 S2=34 S3=0 S4=6 S5=8 U1=0 H1=32
2026-07-29T01:59:44Z  ame@0.1.0  full  FAIL  D2=24 S1=12 S2=34 S3=0 S4=6 S5=8 U1=4 H1=35
2026-07-29T02:00:08Z  ame@0.1.0  full  PASS  D2=24 S1=12 S2=34 S3=0 S4=6 S5=8 U1=0 H1=32
2026-07-29T02:02:20Z  ame@0.1.0  full  PASS  D2=24 S1=12 S2=34 S3=0 S4=6 S5=8 U1=0 H1=32
2026-07-29T02:08:35Z  ame@0.1.0  full  FAIL  D2=24 S1=12 S2=34 S3=0 S4=6 S5=8 U1=0 H1=33
2026-07-29T02:11:20Z  ame@0.1.0  full  PASS  D2=24 S1=12 S2=34 S3=0 S4=6 S5=8 U1=0 H1=32
2026-07-29T02:16:20Z  ame@0.1.0  full  PASS  D2=24 S1=12 S2=34 S3=0 S4=6 S5=8 U1=0 H1=32
2026-07-29T02:16:55Z  ame@0.1.0  full  PASS  D2=24 S1=12 S2=34 S3=0 S4=6 S5=8 U1=0 H1=32
2026-07-29T02:25:34Z  ame@0.1.0  full  PASS  D2=24 S1=12 S2=34 S3=0 S4=6 S5=8 U1=0 H1=32
2026-07-29T02:30:20Z  ame@0.1.0  full  PASS  D2=24 S1=12 S2=34 S3=0 S4=6 S5=8 U1=0 H1=32
2026-07-29T02:30:56Z  ame@0.1.0  full  PASS  D2=24 S1=12 S2=34 S3=0 S4=6 S5=8 U1=0 H1=32
2026-07-29T02:37:55Z  ame@0.1.0  full  PASS  D2=24 S1=12 S2=34 S3=0 S4=6 S5=8 U1=0 H1=32
2026-07-29T02:38:20Z  ame@0.1.0  full  PASS  D2=24 S1=12 S2=34 S3=0 S4=6 S5=8 U1=0 H1=32
2026-07-29T02:45:54Z  ame@0.1.0  full  PASS  D2=24 S1=12 S2=34 S3=0 S4=6 S5=8 U1=0 H1=32
2026-07-29T02:47:04Z  ame@0.1.0  full  PASS  D2=24 S1=12 S2=34 S3=0 S4=6 S5=8 U1=0 H1=32
2026-07-29T02:48:54Z  ame@0.1.0  full  PASS  D2=24 S1=12 S2=34 S3=0 S4=6 S5=8 U1=0 H1=32
2026-07-29T02:49:25Z  ame@0.1.0  full  PASS  D2=24 S1=12 S2=34 S3=0 S4=6 S5=8 U1=0 H1=32
2026-07-29T03:00:20Z  ame@0.1.0  full  PASS  D2=24 S1=12 S2=34 S3=0 S4=6 S5=8 U1=0 H1=32
2026-07-29T03:08:06Z  ame@0.1.0  full  PASS  D2=24 S1=12 S2=34 S3=0 S4=6 S5=8 U1=0 H1=32
2026-07-29T03:35:24Z  ame@0.1.0  full  PASS  D2=24 S1=12 S2=34 S3=0 S4=6 S5=8 U1=0 H1=32
2026-07-29T04:08:50Z  ame@0.1.0  full  PASS  D2=24 S1=12 S2=34 S3=0 S4=6 S5=8 U1=0 H1=32
2026-07-29T04:08:59Z  ame@0.1.0  shipped  FAIL  D2=24 S1=12 S2=34 S3=0 S4=6 S5=8 U1=0 H1=32
2026-07-29T04:16:03Z  ame@0.1.0  full  PASS  D2=24 S1=12 S2=34 S3=0 S4=6 S5=8 U1=0 H1=32
2026-07-29T04:16:13Z  ame@0.1.0  shipped  FAIL  D2=24 S1=12 S2=34 S3=0 S4=6 S5=8 U1=0 H1=32
2026-07-29T04:26:55Z  ame@0.1.0  full  PASS  D2=24 S1=12 S2=34 S3=0 S4=6 S5=8 U1=0 H1=32
2026-07-29T04:27:05Z  ame@0.1.0  shipped  FAIL  D2=24 S1=12 S2=34 S3=0 S4=6 S5=8 U1=0 H1=32
2026-07-29T04:34:03Z  ame@0.1.0  full  PASS  D2=24 S1=12 S2=34 S3=0 S4=6 S5=8 U1=0 H1=32
2026-07-29T04:34:13Z  ame@0.1.0  shipped  FAIL  D2=24 S1=12 S2=34 S3=0 S4=6 S5=8 U1=0 H1=32
